// Jest Snapshot v1, https://goo.gl/fbAQLP

exports[`MovieDetailsPage renders correctly MovieDetailsPage renders correctly 1`] = `
Array [
  <header
    className="header"
  >
    <div
      className="header_container"
    >
      <h1
        className="header_logo"
      >
        Films
      </h1>
      <form
        className="header_searchForm"
      >
        <input
          className="header_input"
          placeholder="Search..."
          type="search"
        />
        <button
          aria-label="Search"
          className="header_searchBtn"
          type="button"
        >
          <svg
            fill="white"
            height="20"
            viewBox="0 0 56.966 56.966"
            width="15"
            x="0px"
            y="0px"
          >
            <path
              d="M55.146,51.887L41.588,37.786c3.486-4.144,5.396-9.358,5.396-14.786c0-12.682-10.318-23-23-23s-23,10.318-23,23 s10.318,23,23,23c4.761,0,9.298-1.436,13.177-4.162l13.661,14.208c0.571,0.593,1.339,0.92,2.162,0.92 c0.779,0,1.518-0.297,2.079-0.837C56.255,54.982,56.293,53.08,55.146,51.887z M23.984,6c9.374,0,17,7.626,17,17s-7.626,17-17,17 s-17-7.626-17-17S14.61,6,23.984,6z"
            />
          </svg>
        </button>
      </form>
    </div>
  </header>,
  <section
    className="hero"
    style={
      Object {
        "backgroundImage": "url(https://image.tmdb.org/t/p/original/59qyrVGLLtrcuFtJGdixzn7H4OI.jpg)",
      }
    }
  >
    <div
      className="hero_movieInfo"
    >
      <h2
        className="hero_title"
      >
        Т-34
      </h2>
      <div
        className="hero_wrapper"
      >
        <span
          className="genre"
          style={
            Object {
              "color": undefined,
              "fontSize": undefined,
            }
          }
        >
          War
        </span>
        <span
          className="genre"
          style={
            Object {
              "color": undefined,
              "fontSize": undefined,
            }
          }
        >
          Drama
        </span>
        <span
          className="genre"
          style={
            Object {
              "color": undefined,
              "fontSize": undefined,
            }
          }
        >
          Adventure
        </span>
        <span
          className="genre"
          style={
            Object {
              "color": undefined,
              "fontSize": undefined,
            }
          }
        >
          Action
        </span>
        <span
          className="hero_duration"
        >
          2h 19m
        </span>
      </div>
      <div
        className="hero_rating"
      >
        <div
          className="star starSelected"
        />
        <div
          className="star starSelected"
        />
        <div
          className="star starSelected"
        />
        <div
          className="star starSelected"
        />
        <div
          className="star starSelected"
        />
        <span
          className="numRating"
          style={
            Object {
              "color": "#fff",
            }
          }
        >
          4.7
        </span>
      </div>
    </div>
    <div
      className="hero_movieDescription"
    >
      <p
        className="hero_description"
      >
        1941 - WWii. the second lieutenant Nikolai ivushkin, commander of a t-34, engages in an unequal battle against the tank ace Klaus Jager in a battle near moscow. His mission is more of a suicide - to destroy a dozen germa ...
      </p>
      <div
        className="hero_buttons"
      >
        <button
          aria-label="Watch Now"
          className="btn blueBtn"
          onClick={[Function]}
          type="button"
        >
          Watch Now
        </button>
        <button
          aria-label="View Info"
          className="btn transparentBtn"
          onClick={[Function]}
          type="button"
        >
          View Info
        </button>
      </div>
    </div>
  </section>,
  <div
    className="backdrop"
  >
    <section
      className="menu"
    >
      <nav>
        <ul>
          <li
            className="navItem"
          >
            <button
              aria-label="Trending"
              className="navItem_btn"
              onClick={[Function]}
              type="button"
            >
              Trending
            </button>
          </li>
          <li
            className="navItem"
          >
            <button
              aria-label="Top Rated"
              className="navItem_btn"
              onClick={[Function]}
              type="button"
            >
              Top Rated
            </button>
          </li>
          <li
            className="navItem"
          >
            <button
              aria-label="Coming Soon"
              className="navItem_btn"
              onClick={[Function]}
              type="button"
            >
              Coming Soon
            </button>
          </li>
          <li
            className="navItem"
          >
            <select
              aria-label="Genres"
              className="navItem_selectGenre"
              name="selectGenre"
              onClick={[Function]}
            >
              <option
                disabled={true}
                hidden={true}
                selected={true}
              >
                Genre
              </option>
              <option
                value="Action"
              >
                Action
              </option>
              <option
                value="Adventure"
              >
                Adventure
              </option>
              <option
                value="Animation"
              >
                Animation
              </option>
              <option
                value="Comedy"
              >
                Comedy
              </option>
              <option
                value="Crime"
              >
                Crime
              </option>
              <option
                value="Documentary"
              >
                Documentary
              </option>
              <option
                value="Drama"
              >
                Drama
              </option>
              <option
                value="Family"
              >
                Family
              </option>
              <option
                value="Fantasy"
              >
                Fantasy
              </option>
              <option
                value="History"
              >
                History
              </option>
              <option
                value="Horror"
              >
                Horror
              </option>
              <option
                value="Music"
              >
                Music
              </option>
              <option
                value="Mystery"
              >
                Mystery
              </option>
              <option
                value="Romance"
              >
                Romance
              </option>
              <option
                value="Science Fiction"
              >
                Science Fiction
              </option>
              <option
                value="TV Movie"
              >
                TV Movie
              </option>
              <option
                value="Thriller"
              >
                Thriller
              </option>
              <option
                value="War"
              >
                War
              </option>
              <option
                value="Western"
              >
                Western
              </option>
            </select>
          </li>
        </ul>
      </nav>
      <div>
        <button
          aria-label="Grid"
          className="btn"
          onClick={[Function]}
          type="button"
        >
          <svg
            fill="#b7b7b7"
            height="20"
            viewBox="0 0 271.673 271.673"
            width="20"
            x="0px"
            y="0px"
          >
            <g>
              <g>
                <g>
                  <path
                    d="M114.939,0H10.449C4.678,0,0,4.678,0,10.449v104.49c0,5.771,4.678,10.449,10.449,10.449h104.49 c5.771,0,10.449-4.678,10.449-10.449V10.449C125.388,4.678,120.71,0,114.939,0z"
                  />
                  <path
                    d="M261.224,0h-104.49c-5.771,0-10.449,4.678-10.449,10.449v104.49c0,5.771,4.678,10.449,10.449,10.449h104.49 c5.771,0,10.449-4.678,10.449-10.449V10.449C271.673,4.678,266.995,0,261.224,0z"
                  />
                  <path
                    d="M114.939,146.286H10.449C4.678,146.286,0,150.964,0,156.735v104.49c0,5.771,4.678,10.449,10.449,10.449h104.49 c5.771,0,10.449-4.678,10.449-10.449v-104.49C125.388,150.964,120.71,146.286,114.939,146.286z"
                  />
                  <path
                    d="M261.224,146.286h-104.49c-5.771,0-10.449,4.678-10.449,10.449v104.49c0,5.771,4.678,10.449,10.449,10.449h104.49 c5.771,0,10.449-4.678,10.449-10.449v-104.49C271.673,150.964,266.995,146.286,261.224,146.286z"
                  />
                </g>
              </g>
            </g>
          </svg>
        </button>
        <button
          aria-label="Table"
          className="btn"
          onClick={[Function]}
          type="button"
        >
          <svg
            fill="#b7b7b7"
            height="20"
            viewBox="0 0 512 512"
            width="20"
            x="0px"
            y="0px"
          >
            <g>
              <g>
                <g>
                  <rect
                    height="235"
                    width="100%"
                  />
                  <rect
                    height="235"
                    width="100%"
                    y="277.333"
                  />
                </g>
              </g>
            </g>
          </svg>
        </button>
      </div>
    </section>
    <main
      className="gridMovieList"
    >
      <article
        className="card"
      >
        <img
          alt="Poster"
          height="75%"
          src="https://image.tmdb.org/t/p/w300/AnLCqcH66Ecu8VFmXu3RofK4SMK.jpg"
        />
        <div
          className="onHover"
        >
          <button
            aria-label="Watch"
            className="btnWatch"
            type="button"
          >
            <svg
              height="80px"
              viewBox="0 0 58 58"
              width="80px"
              x="0px"
              y="0px"
            >
              <circle
                cx="29"
                cy="29"
                r="29"
                style={
                  Object {
                    "fill": "#0aaee4",
                  }
                }
              />
              <g>
                <polygon
                  points="44,29 22,44 22,29.273 22,14"
                  style={
                    Object {
                      "fill": "#fff",
                    }
                  }
                />
                <path
                  d="M22,45c-0.16,0-0.321-0.038-0.467-0.116C21.205,44.711,21,44.371,21,44V14 c0-0.371,0.205-0.711,0.533-0.884c0.328-0.174,0.724-0.15,1.031,0.058l22,15C44.836,28.36,45,28.669,45,29s-0.164,0.64-0.437,0.826 l-22,15C22.394,44.941,22.197,45,22,45z M23,15.893v26.215L42.225,29L23,15.893z"
                  style={
                    Object {
                      "fill": "#fff",
                    }
                  }
                />
              </g>
            </svg>
            <span>
               Watch Now 
            </span>
          </button>
          <button
            aria-label="View Info"
            className="btn transparentBtn"
            onClick={[Function]}
            type="button"
          >
            View Info
          </button>
        </div>
        <div
          className="info"
        >
          <div>
            <h3
              className="info_title"
            >
              T-34
            </h3>
            <p>
              <span
                className="genre"
                style={
                  Object {
                    "color": "#0aaee4",
                    "fontSize": "0.8rem",
                  }
                }
              >
                War
              </span>
              <span
                className="genre"
                style={
                  Object {
                    "color": "#0aaee4",
                    "fontSize": "0.8rem",
                  }
                }
              >
                Drama
              </span>
              <span
                className="genre"
                style={
                  Object {
                    "color": "#0aaee4",
                    "fontSize": "0.8rem",
                  }
                }
              >
                Adventure
              </span>
              <span
                className="genre"
                style={
                  Object {
                    "color": "#0aaee4",
                    "fontSize": "0.8rem",
                  }
                }
              >
                Action
              </span>
            </p>
          </div>
          <span
            className="numRating"
            style={
              Object {
                "color": "#0aaee4",
              }
            }
          >
            4.5
          </span>
        </div>
      </article>
      <article
        className="card"
      >
        <img
          alt="Poster"
          height="75%"
          src="https://image.tmdb.org/t/p/w300/svIDTNUoajS8dLEo7EosxvyAsgJ.jpg"
        />
        <div
          className="onHover"
        >
          <button
            aria-label="Watch"
            className="btnWatch"
            type="button"
          >
            <svg
              height="80px"
              viewBox="0 0 58 58"
              width="80px"
              x="0px"
              y="0px"
            >
              <circle
                cx="29"
                cy="29"
                r="29"
                style={
                  Object {
                    "fill": "#0aaee4",
                  }
                }
              />
              <g>
                <polygon
                  points="44,29 22,44 22,29.273 22,14"
                  style={
                    Object {
                      "fill": "#fff",
                    }
                  }
                />
                <path
                  d="M22,45c-0.16,0-0.321-0.038-0.467-0.116C21.205,44.711,21,44.371,21,44V14 c0-0.371,0.205-0.711,0.533-0.884c0.328-0.174,0.724-0.15,1.031,0.058l22,15C44.836,28.36,45,28.669,45,29s-0.164,0.64-0.437,0.826 l-22,15C22.394,44.941,22.197,45,22,45z M23,15.893v26.215L42.225,29L23,15.893z"
                  style={
                    Object {
                      "fill": "#fff",
                    }
                  }
                />
              </g>
            </svg>
            <span>
               Watch Now 
            </span>
          </button>
          <button
            aria-label="View Info"
            className="btn transparentBtn"
            onClick={[Function]}
            type="button"
          >
            View Info
          </button>
        </div>
        <div
          className="info"
        >
          <div>
            <h3
              className="info_title"
            >
              Glass
            </h3>
            <p>
              <span
                className="genre"
                style={
                  Object {
                    "color": "#0aaee4",
                    "fontSize": "0.8rem",
                  }
                }
              >
                Thriller
              </span>
              <span
                className="genre"
                style={
                  Object {
                    "color": "#0aaee4",
                    "fontSize": "0.8rem",
                  }
                }
              >
                Mystery
              </span>
              <span
                className="genre"
                style={
                  Object {
                    "color": "#0aaee4",
                    "fontSize": "0.8rem",
                  }
                }
              >
                Drama
              </span>
            </p>
          </div>
          <span
            className="numRating"
            style={
              Object {
                "color": "#0aaee4",
              }
            }
          >
            6.8
          </span>
        </div>
      </article>
      <article
        className="card"
      >
        <img
          alt="Poster"
          height="75%"
          src="https://image.tmdb.org/t/p/w300/AiRfixFcfTkNbn2A73qVJPlpkUo.jpg"
        />
        <div
          className="onHover"
        >
          <button
            aria-label="Watch"
            className="btnWatch"
            type="button"
          >
            <svg
              height="80px"
              viewBox="0 0 58 58"
              width="80px"
              x="0px"
              y="0px"
            >
              <circle
                cx="29"
                cy="29"
                r="29"
                style={
                  Object {
                    "fill": "#0aaee4",
                  }
                }
              />
              <g>
                <polygon
                  points="44,29 22,44 22,29.273 22,14"
                  style={
                    Object {
                      "fill": "#fff",
                    }
                  }
                />
                <path
                  d="M22,45c-0.16,0-0.321-0.038-0.467-0.116C21.205,44.711,21,44.371,21,44V14 c0-0.371,0.205-0.711,0.533-0.884c0.328-0.174,0.724-0.15,1.031,0.058l22,15C44.836,28.36,45,28.669,45,29s-0.164,0.64-0.437,0.826 l-22,15C22.394,44.941,22.197,45,22,45z M23,15.893v26.215L42.225,29L23,15.893z"
                  style={
                    Object {
                      "fill": "#fff",
                    }
                  }
                />
              </g>
            </svg>
            <span>
               Watch Now 
            </span>
          </button>
          <button
            aria-label="View Info"
            className="btn transparentBtn"
            onClick={[Function]}
            type="button"
          >
            View Info
          </button>
        </div>
        <div
          className="info"
        >
          <div>
            <h3
              className="info_title"
            >
              Robin Hood
            </h3>
            <p>
              <span
                className="genre"
                style={
                  Object {
                    "color": "#0aaee4",
                    "fontSize": "0.8rem",
                  }
                }
              >
                Adventure
              </span>
              <span
                className="genre"
                style={
                  Object {
                    "color": "#0aaee4",
                    "fontSize": "0.8rem",
                  }
                }
              >
                Action
              </span>
              <span
                className="genre"
                style={
                  Object {
                    "color": "#0aaee4",
                    "fontSize": "0.8rem",
                  }
                }
              >
                Thriller
              </span>
            </p>
          </div>
          <span
            className="numRating"
            style={
              Object {
                "color": "#0aaee4",
              }
            }
          >
            5.8
          </span>
        </div>
      </article>
      <article
        className="card"
      >
        <img
          alt="Poster"
          height="75%"
          src="https://image.tmdb.org/t/p/w300/lHu1wtNaczFPGFDTrjCSzeLPTKN.jpg"
        />
        <div
          className="onHover"
        >
          <button
            aria-label="Watch"
            className="btnWatch"
            type="button"
          >
            <svg
              height="80px"
              viewBox="0 0 58 58"
              width="80px"
              x="0px"
              y="0px"
            >
              <circle
                cx="29"
                cy="29"
                r="29"
                style={
                  Object {
                    "fill": "#0aaee4",
                  }
                }
              />
              <g>
                <polygon
                  points="44,29 22,44 22,29.273 22,14"
                  style={
                    Object {
                      "fill": "#fff",
                    }
                  }
                />
                <path
                  d="M22,45c-0.16,0-0.321-0.038-0.467-0.116C21.205,44.711,21,44.371,21,44V14 c0-0.371,0.205-0.711,0.533-0.884c0.328-0.174,0.724-0.15,1.031,0.058l22,15C44.836,28.36,45,28.669,45,29s-0.164,0.64-0.437,0.826 l-22,15C22.394,44.941,22.197,45,22,45z M23,15.893v26.215L42.225,29L23,15.893z"
                  style={
                    Object {
                      "fill": "#fff",
                    }
                  }
                />
              </g>
            </svg>
            <span>
               Watch Now 
            </span>
          </button>
          <button
            aria-label="View Info"
            className="btn transparentBtn"
            onClick={[Function]}
            type="button"
          >
            View Info
          </button>
        </div>
        <div
          className="info"
        >
          <div>
            <h3
              className="info_title"
            >
              Bohemian Rhapsody
            </h3>
            <p>
              <span
                className="genre"
                style={
                  Object {
                    "color": "#0aaee4",
                    "fontSize": "0.8rem",
                  }
                }
              >
                Drama
              </span>
              <span
                className="genre"
                style={
                  Object {
                    "color": "#0aaee4",
                    "fontSize": "0.8rem",
                  }
                }
              >
                Music
              </span>
            </p>
          </div>
          <span
            className="numRating"
            style={
              Object {
                "color": "#0aaee4",
              }
            }
          >
            8.2
          </span>
        </div>
      </article>
      <article
        className="card"
      >
        <img
          alt="Poster"
          height="75%"
          src="https://image.tmdb.org/t/p/w300/l76Rgp32z2UxjULApxGXAPpYdAP.jpg"
        />
        <div
          className="onHover"
        >
          <button
            aria-label="Watch"
            className="btnWatch"
            type="button"
          >
            <svg
              height="80px"
              viewBox="0 0 58 58"
              width="80px"
              x="0px"
              y="0px"
            >
              <circle
                cx="29"
                cy="29"
                r="29"
                style={
                  Object {
                    "fill": "#0aaee4",
                  }
                }
              />
              <g>
                <polygon
                  points="44,29 22,44 22,29.273 22,14"
                  style={
                    Object {
                      "fill": "#fff",
                    }
                  }
                />
                <path
                  d="M22,45c-0.16,0-0.321-0.038-0.467-0.116C21.205,44.711,21,44.371,21,44V14 c0-0.371,0.205-0.711,0.533-0.884c0.328-0.174,0.724-0.15,1.031,0.058l22,15C44.836,28.36,45,28.669,45,29s-0.164,0.64-0.437,0.826 l-22,15C22.394,44.941,22.197,45,22,45z M23,15.893v26.215L42.225,29L23,15.893z"
                  style={
                    Object {
                      "fill": "#fff",
                    }
                  }
                />
              </g>
            </svg>
            <span>
               Watch Now 
            </span>
          </button>
          <button
            aria-label="View Info"
            className="btn transparentBtn"
            onClick={[Function]}
            type="button"
          >
            View Info
          </button>
        </div>
        <div
          className="info"
        >
          <div>
            <h3
              className="info_title"
            >
              Overlord
            </h3>
            <p>
              <span
                className="genre"
                style={
                  Object {
                    "color": "#0aaee4",
                    "fontSize": "0.8rem",
                  }
                }
              >
                Horror
              </span>
              <span
                className="genre"
                style={
                  Object {
                    "color": "#0aaee4",
                    "fontSize": "0.8rem",
                  }
                }
              >
                War
              </span>
              <span
                className="genre"
                style={
                  Object {
                    "color": "#0aaee4",
                    "fontSize": "0.8rem",
                  }
                }
              >
                Action
              </span>
              <span
                className="genre"
                style={
                  Object {
                    "color": "#0aaee4",
                    "fontSize": "0.8rem",
                  }
                }
              >
                Science Fiction
              </span>
            </p>
          </div>
          <span
            className="numRating"
            style={
              Object {
                "color": "#0aaee4",
              }
            }
          >
            6.9
          </span>
        </div>
      </article>
      <article
        className="card"
      >
        <img
          alt="Poster"
          height="75%"
          src="https://image.tmdb.org/t/p/w300/8yZAx7tlKRZIg7pJfaPhl00yHIQ.jpg"
        />
        <div
          className="onHover"
        >
          <button
            aria-label="Watch"
            className="btnWatch"
            type="button"
          >
            <svg
              height="80px"
              viewBox="0 0 58 58"
              width="80px"
              x="0px"
              y="0px"
            >
              <circle
                cx="29"
                cy="29"
                r="29"
                style={
                  Object {
                    "fill": "#0aaee4",
                  }
                }
              />
              <g>
                <polygon
                  points="44,29 22,44 22,29.273 22,14"
                  style={
                    Object {
                      "fill": "#fff",
                    }
                  }
                />
                <path
                  d="M22,45c-0.16,0-0.321-0.038-0.467-0.116C21.205,44.711,21,44.371,21,44V14 c0-0.371,0.205-0.711,0.533-0.884c0.328-0.174,0.724-0.15,1.031,0.058l22,15C44.836,28.36,45,28.669,45,29s-0.164,0.64-0.437,0.826 l-22,15C22.394,44.941,22.197,45,22,45z M23,15.893v26.215L42.225,29L23,15.893z"
                  style={
                    Object {
                      "fill": "#fff",
                    }
                  }
                />
              </g>
            </svg>
            <span>
               Watch Now 
            </span>
          </button>
          <button
            aria-label="View Info"
            className="btn transparentBtn"
            onClick={[Function]}
            type="button"
          >
            View Info
          </button>
        </div>
        <div
          className="info"
        >
          <div>
            <h3
              className="info_title"
            >
              Escape Room
            </h3>
            <p>
              <span
                className="genre"
                style={
                  Object {
                    "color": "#0aaee4",
                    "fontSize": "0.8rem",
                  }
                }
              >
                Horror
              </span>
              <span
                className="genre"
                style={
                  Object {
                    "color": "#0aaee4",
                    "fontSize": "0.8rem",
                  }
                }
              >
                Thriller
              </span>
              <span
                className="genre"
                style={
                  Object {
                    "color": "#0aaee4",
                    "fontSize": "0.8rem",
                  }
                }
              >
                Action
              </span>
            </p>
          </div>
          <span
            className="numRating"
            style={
              Object {
                "color": "#0aaee4",
              }
            }
          >
            6.3
          </span>
        </div>
      </article>
      <article
        className="card"
      >
        <img
          alt="Poster"
          height="75%"
          src="https://image.tmdb.org/t/p/w300/5Kg76ldv7VxeX9YlcQXiowHgdX6.jpg"
        />
        <div
          className="onHover"
        >
          <button
            aria-label="Watch"
            className="btnWatch"
            type="button"
          >
            <svg
              height="80px"
              viewBox="0 0 58 58"
              width="80px"
              x="0px"
              y="0px"
            >
              <circle
                cx="29"
                cy="29"
                r="29"
                style={
                  Object {
                    "fill": "#0aaee4",
                  }
                }
              />
              <g>
                <polygon
                  points="44,29 22,44 22,29.273 22,14"
                  style={
                    Object {
                      "fill": "#fff",
                    }
                  }
                />
                <path
                  d="M22,45c-0.16,0-0.321-0.038-0.467-0.116C21.205,44.711,21,44.371,21,44V14 c0-0.371,0.205-0.711,0.533-0.884c0.328-0.174,0.724-0.15,1.031,0.058l22,15C44.836,28.36,45,28.669,45,29s-0.164,0.64-0.437,0.826 l-22,15C22.394,44.941,22.197,45,22,45z M23,15.893v26.215L42.225,29L23,15.893z"
                  style={
                    Object {
                      "fill": "#fff",
                    }
                  }
                />
              </g>
            </svg>
            <span>
               Watch Now 
            </span>
          </button>
          <button
            aria-label="View Info"
            className="btn transparentBtn"
            onClick={[Function]}
            type="button"
          >
            View Info
          </button>
        </div>
        <div
          className="info"
        >
          <div>
            <h3
              className="info_title"
            >
              Aquaman
            </h3>
            <p>
              <span
                className="genre"
                style={
                  Object {
                    "color": "#0aaee4",
                    "fontSize": "0.8rem",
                  }
                }
              >
                Action
              </span>
              <span
                className="genre"
                style={
                  Object {
                    "color": "#0aaee4",
                    "fontSize": "0.8rem",
                  }
                }
              >
                Fantasy
              </span>
              <span
                className="genre"
                style={
                  Object {
                    "color": "#0aaee4",
                    "fontSize": "0.8rem",
                  }
                }
              >
                Science Fiction
              </span>
              <span
                className="genre"
                style={
                  Object {
                    "color": "#0aaee4",
                    "fontSize": "0.8rem",
                  }
                }
              >
                Adventure
              </span>
            </p>
          </div>
          <span
            className="numRating"
            style={
              Object {
                "color": "#0aaee4",
              }
            }
          >
            6.8
          </span>
        </div>
      </article>
      <article
        className="card"
      >
        <img
          alt="Poster"
          height="75%"
          src="https://image.tmdb.org/t/p/w300/uXJVpPXxZO4L8Rz3IG1Y8XvZJcg.jpg"
        />
        <div
          className="onHover"
        >
          <button
            aria-label="Watch"
            className="btnWatch"
            type="button"
          >
            <svg
              height="80px"
              viewBox="0 0 58 58"
              width="80px"
              x="0px"
              y="0px"
            >
              <circle
                cx="29"
                cy="29"
                r="29"
                style={
                  Object {
                    "fill": "#0aaee4",
                  }
                }
              />
              <g>
                <polygon
                  points="44,29 22,44 22,29.273 22,14"
                  style={
                    Object {
                      "fill": "#fff",
                    }
                  }
                />
                <path
                  d="M22,45c-0.16,0-0.321-0.038-0.467-0.116C21.205,44.711,21,44.371,21,44V14 c0-0.371,0.205-0.711,0.533-0.884c0.328-0.174,0.724-0.15,1.031,0.058l22,15C44.836,28.36,45,28.669,45,29s-0.164,0.64-0.437,0.826 l-22,15C22.394,44.941,22.197,45,22,45z M23,15.893v26.215L42.225,29L23,15.893z"
                  style={
                    Object {
                      "fill": "#fff",
                    }
                  }
                />
              </g>
            </svg>
            <span>
               Watch Now 
            </span>
          </button>
          <button
            aria-label="View Info"
            className="btn transparentBtn"
            onClick={[Function]}
            type="button"
          >
            View Info
          </button>
        </div>
        <div
          className="info"
        >
          <div>
            <h3
              className="info_title"
            >
              Mortal Engines
            </h3>
            <p>
              <span
                className="genre"
                style={
                  Object {
                    "color": "#0aaee4",
                    "fontSize": "0.8rem",
                  }
                }
              >
                Science Fiction
              </span>
              <span
                className="genre"
                style={
                  Object {
                    "color": "#0aaee4",
                    "fontSize": "0.8rem",
                  }
                }
              >
                Action
              </span>
              <span
                className="genre"
                style={
                  Object {
                    "color": "#0aaee4",
                    "fontSize": "0.8rem",
                  }
                }
              >
                Adventure
              </span>
              <span
                className="genre"
                style={
                  Object {
                    "color": "#0aaee4",
                    "fontSize": "0.8rem",
                  }
                }
              >
                Fantasy
              </span>
              <span
                className="genre"
                style={
                  Object {
                    "color": "#0aaee4",
                    "fontSize": "0.8rem",
                  }
                }
              >
                Thriller
              </span>
            </p>
          </div>
          <span
            className="numRating"
            style={
              Object {
                "color": "#0aaee4",
              }
            }
          >
            6
          </span>
        </div>
      </article>
      <article
        className="card"
      >
        <img
          alt="Poster"
          height="75%"
          src="https://image.tmdb.org/t/p/w300/v3QyboWRoA4O9RbcsqH8tJMe8EB.jpg"
        />
        <div
          className="onHover"
        >
          <button
            aria-label="Watch"
            className="btnWatch"
            type="button"
          >
            <svg
              height="80px"
              viewBox="0 0 58 58"
              width="80px"
              x="0px"
              y="0px"
            >
              <circle
                cx="29"
                cy="29"
                r="29"
                style={
                  Object {
                    "fill": "#0aaee4",
                  }
                }
              />
              <g>
                <polygon
                  points="44,29 22,44 22,29.273 22,14"
                  style={
                    Object {
                      "fill": "#fff",
                    }
                  }
                />
                <path
                  d="M22,45c-0.16,0-0.321-0.038-0.467-0.116C21.205,44.711,21,44.371,21,44V14 c0-0.371,0.205-0.711,0.533-0.884c0.328-0.174,0.724-0.15,1.031,0.058l22,15C44.836,28.36,45,28.669,45,29s-0.164,0.64-0.437,0.826 l-22,15C22.394,44.941,22.197,45,22,45z M23,15.893v26.215L42.225,29L23,15.893z"
                  style={
                    Object {
                      "fill": "#fff",
                    }
                  }
                />
              </g>
            </svg>
            <span>
               Watch Now 
            </span>
          </button>
          <button
            aria-label="View Info"
            className="btn transparentBtn"
            onClick={[Function]}
            type="button"
          >
            View Info
          </button>
        </div>
        <div
          className="info"
        >
          <div>
            <h3
              className="info_title"
            >
              Creed II
            </h3>
            <p>
              <span
                className="genre"
                style={
                  Object {
                    "color": "#0aaee4",
                    "fontSize": "0.8rem",
                  }
                }
              >
                Drama
              </span>
              <span
                className="genre"
                style={
                  Object {
                    "color": "#0aaee4",
                    "fontSize": "0.8rem",
                  }
                }
              >
                Action
              </span>
            </p>
          </div>
          <span
            className="numRating"
            style={
              Object {
                "color": "#0aaee4",
              }
            }
          >
            6.7
          </span>
        </div>
      </article>
      <article
        className="card"
      >
        <img
          alt="Poster"
          height="75%"
          src="https://image.tmdb.org/t/p/w300/ij0xoc13hGhrYIlXGGuPXWTh3vi.jpg"
        />
        <div
          className="onHover"
        >
          <button
            aria-label="Watch"
            className="btnWatch"
            type="button"
          >
            <svg
              height="80px"
              viewBox="0 0 58 58"
              width="80px"
              x="0px"
              y="0px"
            >
              <circle
                cx="29"
                cy="29"
                r="29"
                style={
                  Object {
                    "fill": "#0aaee4",
                  }
                }
              />
              <g>
                <polygon
                  points="44,29 22,44 22,29.273 22,14"
                  style={
                    Object {
                      "fill": "#fff",
                    }
                  }
                />
                <path
                  d="M22,45c-0.16,0-0.321-0.038-0.467-0.116C21.205,44.711,21,44.371,21,44V14 c0-0.371,0.205-0.711,0.533-0.884c0.328-0.174,0.724-0.15,1.031,0.058l22,15C44.836,28.36,45,28.669,45,29s-0.164,0.64-0.437,0.826 l-22,15C22.394,44.941,22.197,45,22,45z M23,15.893v26.215L42.225,29L23,15.893z"
                  style={
                    Object {
                      "fill": "#fff",
                    }
                  }
                />
              </g>
            </svg>
            <span>
               Watch Now 
            </span>
          </button>
          <button
            aria-label="View Info"
            className="btn transparentBtn"
            onClick={[Function]}
            type="button"
          >
            View Info
          </button>
        </div>
        <div
          className="info"
        >
          <div>
            <h3
              className="info_title"
            >
              HOW TO TRAIN YOUR DR...
            </h3>
            <p>
              <span
                className="genre"
                style={
                  Object {
                    "color": "#0aaee4",
                    "fontSize": "0.8rem",
                  }
                }
              >
                Animation
              </span>
              <span
                className="genre"
                style={
                  Object {
                    "color": "#0aaee4",
                    "fontSize": "0.8rem",
                  }
                }
              >
                Family
              </span>
              <span
                className="genre"
                style={
                  Object {
                    "color": "#0aaee4",
                    "fontSize": "0.8rem",
                  }
                }
              >
                Adventure
              </span>
            </p>
          </div>
          <span
            className="numRating"
            style={
              Object {
                "color": "#0aaee4",
              }
            }
          >
            8.1
          </span>
        </div>
      </article>
      <article
        className="card"
      >
        <img
          alt="Poster"
          height="75%"
          src="https://image.tmdb.org/t/p/w300/wrFpXMNBRj2PBiN4Z5kix51XaIZ.jpg"
        />
        <div
          className="onHover"
        >
          <button
            aria-label="Watch"
            className="btnWatch"
            type="button"
          >
            <svg
              height="80px"
              viewBox="0 0 58 58"
              width="80px"
              x="0px"
              y="0px"
            >
              <circle
                cx="29"
                cy="29"
                r="29"
                style={
                  Object {
                    "fill": "#0aaee4",
                  }
                }
              />
              <g>
                <polygon
                  points="44,29 22,44 22,29.273 22,14"
                  style={
                    Object {
                      "fill": "#fff",
                    }
                  }
                />
                <path
                  d="M22,45c-0.16,0-0.321-0.038-0.467-0.116C21.205,44.711,21,44.371,21,44V14 c0-0.371,0.205-0.711,0.533-0.884c0.328-0.174,0.724-0.15,1.031,0.058l22,15C44.836,28.36,45,28.669,45,29s-0.164,0.64-0.437,0.826 l-22,15C22.394,44.941,22.197,45,22,45z M23,15.893v26.215L42.225,29L23,15.893z"
                  style={
                    Object {
                      "fill": "#fff",
                    }
                  }
                />
              </g>
            </svg>
            <span>
               Watch Now 
            </span>
          </button>
          <button
            aria-label="View Info"
            className="btn transparentBtn"
            onClick={[Function]}
            type="button"
          >
            View Info
          </button>
        </div>
        <div
          className="info"
        >
          <div>
            <h3
              className="info_title"
            >
              A Star Is Born
            </h3>
            <p>
              <span
                className="genre"
                style={
                  Object {
                    "color": "#0aaee4",
                    "fontSize": "0.8rem",
                  }
                }
              >
                Drama
              </span>
              <span
                className="genre"
                style={
                  Object {
                    "color": "#0aaee4",
                    "fontSize": "0.8rem",
                  }
                }
              >
                Music
              </span>
              <span
                className="genre"
                style={
                  Object {
                    "color": "#0aaee4",
                    "fontSize": "0.8rem",
                  }
                }
              >
                Romance
              </span>
            </p>
          </div>
          <span
            className="numRating"
            style={
              Object {
                "color": "#0aaee4",
              }
            }
          >
            7.4
          </span>
        </div>
      </article>
      <article
        className="card"
      >
        <img
          alt="Poster"
          height="75%"
          src="https://image.tmdb.org/t/p/w300/t0idiLMalKMj2pLsvqHrOM4LPdQ.jpg"
        />
        <div
          className="onHover"
        >
          <button
            aria-label="Watch"
            className="btnWatch"
            type="button"
          >
            <svg
              height="80px"
              viewBox="0 0 58 58"
              width="80px"
              x="0px"
              y="0px"
            >
              <circle
                cx="29"
                cy="29"
                r="29"
                style={
                  Object {
                    "fill": "#0aaee4",
                  }
                }
              />
              <g>
                <polygon
                  points="44,29 22,44 22,29.273 22,14"
                  style={
                    Object {
                      "fill": "#fff",
                    }
                  }
                />
                <path
                  d="M22,45c-0.16,0-0.321-0.038-0.467-0.116C21.205,44.711,21,44.371,21,44V14 c0-0.371,0.205-0.711,0.533-0.884c0.328-0.174,0.724-0.15,1.031,0.058l22,15C44.836,28.36,45,28.669,45,29s-0.164,0.64-0.437,0.826 l-22,15C22.394,44.941,22.197,45,22,45z M23,15.893v26.215L42.225,29L23,15.893z"
                  style={
                    Object {
                      "fill": "#fff",
                    }
                  }
                />
              </g>
            </svg>
            <span>
               Watch Now 
            </span>
          </button>
          <button
            aria-label="View Info"
            className="btn transparentBtn"
            onClick={[Function]}
            type="button"
          >
            View Info
          </button>
        </div>
        <div
          className="info"
        >
          <div>
            <h3
              className="info_title"
            >
              The Mule
            </h3>
            <p>
              <span
                className="genre"
                style={
                  Object {
                    "color": "#0aaee4",
                    "fontSize": "0.8rem",
                  }
                }
              >
                Crime
              </span>
              <span
                className="genre"
                style={
                  Object {
                    "color": "#0aaee4",
                    "fontSize": "0.8rem",
                  }
                }
              >
                Drama
              </span>
              <span
                className="genre"
                style={
                  Object {
                    "color": "#0aaee4",
                    "fontSize": "0.8rem",
                  }
                }
              >
                Thriller
              </span>
            </p>
          </div>
          <span
            className="numRating"
            style={
              Object {
                "color": "#0aaee4",
              }
            }
          >
            6.3
          </span>
        </div>
      </article>
      <article
        className="card"
      >
        <img
          alt="Poster"
          height="75%"
          src="https://image.tmdb.org/t/p/w300/7WsyChQLEftFiDOVTGkv3hFpyyt.jpg"
        />
        <div
          className="onHover"
        >
          <button
            aria-label="Watch"
            className="btnWatch"
            type="button"
          >
            <svg
              height="80px"
              viewBox="0 0 58 58"
              width="80px"
              x="0px"
              y="0px"
            >
              <circle
                cx="29"
                cy="29"
                r="29"
                style={
                  Object {
                    "fill": "#0aaee4",
                  }
                }
              />
              <g>
                <polygon
                  points="44,29 22,44 22,29.273 22,14"
                  style={
                    Object {
                      "fill": "#fff",
                    }
                  }
                />
                <path
                  d="M22,45c-0.16,0-0.321-0.038-0.467-0.116C21.205,44.711,21,44.371,21,44V14 c0-0.371,0.205-0.711,0.533-0.884c0.328-0.174,0.724-0.15,1.031,0.058l22,15C44.836,28.36,45,28.669,45,29s-0.164,0.64-0.437,0.826 l-22,15C22.394,44.941,22.197,45,22,45z M23,15.893v26.215L42.225,29L23,15.893z"
                  style={
                    Object {
                      "fill": "#fff",
                    }
                  }
                />
              </g>
            </svg>
            <span>
               Watch Now 
            </span>
          </button>
          <button
            aria-label="View Info"
            className="btn transparentBtn"
            onClick={[Function]}
            type="button"
          >
            View Info
          </button>
        </div>
        <div
          className="info"
        >
          <div>
            <h3
              className="info_title"
            >
              AVENGERS: INFINITY W...
            </h3>
            <p>
              <span
                className="genre"
                style={
                  Object {
                    "color": "#0aaee4",
                    "fontSize": "0.8rem",
                  }
                }
              >
                Adventure
              </span>
              <span
                className="genre"
                style={
                  Object {
                    "color": "#0aaee4",
                    "fontSize": "0.8rem",
                  }
                }
              >
                Action
              </span>
              <span
                className="genre"
                style={
                  Object {
                    "color": "#0aaee4",
                    "fontSize": "0.8rem",
                  }
                }
              >
                Fantasy
              </span>
            </p>
          </div>
          <span
            className="numRating"
            style={
              Object {
                "color": "#0aaee4",
              }
            }
          >
            8.3
          </span>
        </div>
      </article>
      <article
        className="card"
      >
        <img
          alt="Poster"
          height="75%"
          src="https://image.tmdb.org/t/p/w300/fw02ONlDhrYjTSZV8XO6hhU3ds3.jpg"
        />
        <div
          className="onHover"
        >
          <button
            aria-label="Watch"
            className="btnWatch"
            type="button"
          >
            <svg
              height="80px"
              viewBox="0 0 58 58"
              width="80px"
              x="0px"
              y="0px"
            >
              <circle
                cx="29"
                cy="29"
                r="29"
                style={
                  Object {
                    "fill": "#0aaee4",
                  }
                }
              />
              <g>
                <polygon
                  points="44,29 22,44 22,29.273 22,14"
                  style={
                    Object {
                      "fill": "#fff",
                    }
                  }
                />
                <path
                  d="M22,45c-0.16,0-0.321-0.038-0.467-0.116C21.205,44.711,21,44.371,21,44V14 c0-0.371,0.205-0.711,0.533-0.884c0.328-0.174,0.724-0.15,1.031,0.058l22,15C44.836,28.36,45,28.669,45,29s-0.164,0.64-0.437,0.826 l-22,15C22.394,44.941,22.197,45,22,45z M23,15.893v26.215L42.225,29L23,15.893z"
                  style={
                    Object {
                      "fill": "#fff",
                    }
                  }
                />
              </g>
            </svg>
            <span>
               Watch Now 
            </span>
          </button>
          <button
            aria-label="View Info"
            className="btn transparentBtn"
            onClick={[Function]}
            type="button"
          >
            View Info
          </button>
        </div>
        <div
          className="info"
        >
          <div>
            <h3
              className="info_title"
            >
              Bumblebee
            </h3>
            <p>
              <span
                className="genre"
                style={
                  Object {
                    "color": "#0aaee4",
                    "fontSize": "0.8rem",
                  }
                }
              >
                Action
              </span>
              <span
                className="genre"
                style={
                  Object {
                    "color": "#0aaee4",
                    "fontSize": "0.8rem",
                  }
                }
              >
                Adventure
              </span>
              <span
                className="genre"
                style={
                  Object {
                    "color": "#0aaee4",
                    "fontSize": "0.8rem",
                  }
                }
              >
                Science Fiction
              </span>
            </p>
          </div>
          <span
            className="numRating"
            style={
              Object {
                "color": "#0aaee4",
              }
            }
          >
            6.5
          </span>
        </div>
      </article>
      <article
        className="card"
      >
        <img
          alt="Poster"
          height="75%"
          src="https://image.tmdb.org/t/p/w300/f27RTnWEc2bhVtfSlKmxxypznfR.jpg"
        />
        <div
          className="onHover"
        >
          <button
            aria-label="Watch"
            className="btnWatch"
            type="button"
          >
            <svg
              height="80px"
              viewBox="0 0 58 58"
              width="80px"
              x="0px"
              y="0px"
            >
              <circle
                cx="29"
                cy="29"
                r="29"
                style={
                  Object {
                    "fill": "#0aaee4",
                  }
                }
              />
              <g>
                <polygon
                  points="44,29 22,44 22,29.273 22,14"
                  style={
                    Object {
                      "fill": "#fff",
                    }
                  }
                />
                <path
                  d="M22,45c-0.16,0-0.321-0.038-0.467-0.116C21.205,44.711,21,44.371,21,44V14 c0-0.371,0.205-0.711,0.533-0.884c0.328-0.174,0.724-0.15,1.031,0.058l22,15C44.836,28.36,45,28.669,45,29s-0.164,0.64-0.437,0.826 l-22,15C22.394,44.941,22.197,45,22,45z M23,15.893v26.215L42.225,29L23,15.893z"
                  style={
                    Object {
                      "fill": "#fff",
                    }
                  }
                />
              </g>
            </svg>
            <span>
               Watch Now 
            </span>
          </button>
          <button
            aria-label="View Info"
            className="btn transparentBtn"
            onClick={[Function]}
            type="button"
          >
            View Info
          </button>
        </div>
        <div
          className="info"
        >
          <div>
            <h3
              className="info_title"
            >
              Widows
            </h3>
            <p>
              <span
                className="genre"
                style={
                  Object {
                    "color": "#0aaee4",
                    "fontSize": "0.8rem",
                  }
                }
              >
                Crime
              </span>
              <span
                className="genre"
                style={
                  Object {
                    "color": "#0aaee4",
                    "fontSize": "0.8rem",
                  }
                }
              >
                Drama
              </span>
              <span
                className="genre"
                style={
                  Object {
                    "color": "#0aaee4",
                    "fontSize": "0.8rem",
                  }
                }
              >
                Thriller
              </span>
            </p>
          </div>
          <span
            className="numRating"
            style={
              Object {
                "color": "#0aaee4",
              }
            }
          >
            6.7
          </span>
        </div>
      </article>
      <article
        className="card"
      >
        <img
          alt="Poster"
          height="75%"
          src="https://image.tmdb.org/t/p/w300/hgWAcic93phg4DOuQ8NrsgQWiqu.jpg"
        />
        <div
          className="onHover"
        >
          <button
            aria-label="Watch"
            className="btnWatch"
            type="button"
          >
            <svg
              height="80px"
              viewBox="0 0 58 58"
              width="80px"
              x="0px"
              y="0px"
            >
              <circle
                cx="29"
                cy="29"
                r="29"
                style={
                  Object {
                    "fill": "#0aaee4",
                  }
                }
              />
              <g>
                <polygon
                  points="44,29 22,44 22,29.273 22,14"
                  style={
                    Object {
                      "fill": "#fff",
                    }
                  }
                />
                <path
                  d="M22,45c-0.16,0-0.321-0.038-0.467-0.116C21.205,44.711,21,44.371,21,44V14 c0-0.371,0.205-0.711,0.533-0.884c0.328-0.174,0.724-0.15,1.031,0.058l22,15C44.836,28.36,45,28.669,45,29s-0.164,0.64-0.437,0.826 l-22,15C22.394,44.941,22.197,45,22,45z M23,15.893v26.215L42.225,29L23,15.893z"
                  style={
                    Object {
                      "fill": "#fff",
                    }
                  }
                />
              </g>
            </svg>
            <span>
               Watch Now 
            </span>
          </button>
          <button
            aria-label="View Info"
            className="btn transparentBtn"
            onClick={[Function]}
            type="button"
          >
            View Info
          </button>
        </div>
        <div
          className="info"
        >
          <div>
            <h3
              className="info_title"
            >
              Serenity
            </h3>
            <p>
              <span
                className="genre"
                style={
                  Object {
                    "color": "#0aaee4",
                    "fontSize": "0.8rem",
                  }
                }
              >
                Thriller
              </span>
              <span
                className="genre"
                style={
                  Object {
                    "color": "#0aaee4",
                    "fontSize": "0.8rem",
                  }
                }
              >
                Drama
              </span>
            </p>
          </div>
          <span
            className="numRating"
            style={
              Object {
                "color": "#0aaee4",
              }
            }
          >
            5.1
          </span>
        </div>
      </article>
      <article
        className="card"
      >
        <img
          alt="Poster"
          height="75%"
          src="https://image.tmdb.org/t/p/w300/2uNW4WbgBXL25BAbXGLnLqX71Sw.jpg"
        />
        <div
          className="onHover"
        >
          <button
            aria-label="Watch"
            className="btnWatch"
            type="button"
          >
            <svg
              height="80px"
              viewBox="0 0 58 58"
              width="80px"
              x="0px"
              y="0px"
            >
              <circle
                cx="29"
                cy="29"
                r="29"
                style={
                  Object {
                    "fill": "#0aaee4",
                  }
                }
              />
              <g>
                <polygon
                  points="44,29 22,44 22,29.273 22,14"
                  style={
                    Object {
                      "fill": "#fff",
                    }
                  }
                />
                <path
                  d="M22,45c-0.16,0-0.321-0.038-0.467-0.116C21.205,44.711,21,44.371,21,44V14 c0-0.371,0.205-0.711,0.533-0.884c0.328-0.174,0.724-0.15,1.031,0.058l22,15C44.836,28.36,45,28.669,45,29s-0.164,0.64-0.437,0.826 l-22,15C22.394,44.941,22.197,45,22,45z M23,15.893v26.215L42.225,29L23,15.893z"
                  style={
                    Object {
                      "fill": "#fff",
                    }
                  }
                />
              </g>
            </svg>
            <span>
               Watch Now 
            </span>
          </button>
          <button
            aria-label="View Info"
            className="btn transparentBtn"
            onClick={[Function]}
            type="button"
          >
            View Info
          </button>
        </div>
        <div
          className="info"
        >
          <div>
            <h3
              className="info_title"
            >
              Venom
            </h3>
            <p>
              <span
                className="genre"
                style={
                  Object {
                    "color": "#0aaee4",
                    "fontSize": "0.8rem",
                  }
                }
              >
                Science Fiction
              </span>
              <span
                className="genre"
                style={
                  Object {
                    "color": "#0aaee4",
                    "fontSize": "0.8rem",
                  }
                }
              >
                Action
              </span>
            </p>
          </div>
          <span
            className="numRating"
            style={
              Object {
                "color": "#0aaee4",
              }
            }
          >
            6.6
          </span>
        </div>
      </article>
      <article
        className="card"
      >
        <img
          alt="Poster"
          height="75%"
          src="https://image.tmdb.org/t/p/w300/hPuZR2bFoV0kuBrA98exWyvTf40.jpg"
        />
        <div
          className="onHover"
        >
          <button
            aria-label="Watch"
            className="btnWatch"
            type="button"
          >
            <svg
              height="80px"
              viewBox="0 0 58 58"
              width="80px"
              x="0px"
              y="0px"
            >
              <circle
                cx="29"
                cy="29"
                r="29"
                style={
                  Object {
                    "fill": "#0aaee4",
                  }
                }
              />
              <g>
                <polygon
                  points="44,29 22,44 22,29.273 22,14"
                  style={
                    Object {
                      "fill": "#fff",
                    }
                  }
                />
                <path
                  d="M22,45c-0.16,0-0.321-0.038-0.467-0.116C21.205,44.711,21,44.371,21,44V14 c0-0.371,0.205-0.711,0.533-0.884c0.328-0.174,0.724-0.15,1.031,0.058l22,15C44.836,28.36,45,28.669,45,29s-0.164,0.64-0.437,0.826 l-22,15C22.394,44.941,22.197,45,22,45z M23,15.893v26.215L42.225,29L23,15.893z"
                  style={
                    Object {
                      "fill": "#fff",
                    }
                  }
                />
              </g>
            </svg>
            <span>
               Watch Now 
            </span>
          </button>
          <button
            aria-label="View Info"
            className="btn transparentBtn"
            onClick={[Function]}
            type="button"
          >
            View Info
          </button>
        </div>
        <div
          className="info"
        >
          <div>
            <h3
              className="info_title"
            >
              CAN YOU EVER FORGIVE...
            </h3>
            <p>
              <span
                className="genre"
                style={
                  Object {
                    "color": "#0aaee4",
                    "fontSize": "0.8rem",
                  }
                }
              >
                Drama
              </span>
              <span
                className="genre"
                style={
                  Object {
                    "color": "#0aaee4",
                    "fontSize": "0.8rem",
                  }
                }
              >
                Comedy
              </span>
              <span
                className="genre"
                style={
                  Object {
                    "color": "#0aaee4",
                    "fontSize": "0.8rem",
                  }
                }
              >
                Crime
              </span>
            </p>
          </div>
          <span
            className="numRating"
            style={
              Object {
                "color": "#0aaee4",
              }
            }
          >
            7.1
          </span>
        </div>
      </article>
      <article
        className="card"
      >
        <img
          alt="Poster"
          height="75%"
          src="https://image.tmdb.org/t/p/w300/t0jwlwFUrtkPJoq5JH9YrRVROXZ.jpg"
        />
        <div
          className="onHover"
        >
          <button
            aria-label="Watch"
            className="btnWatch"
            type="button"
          >
            <svg
              height="80px"
              viewBox="0 0 58 58"
              width="80px"
              x="0px"
              y="0px"
            >
              <circle
                cx="29"
                cy="29"
                r="29"
                style={
                  Object {
                    "fill": "#0aaee4",
                  }
                }
              />
              <g>
                <polygon
                  points="44,29 22,44 22,29.273 22,14"
                  style={
                    Object {
                      "fill": "#fff",
                    }
                  }
                />
                <path
                  d="M22,45c-0.16,0-0.321-0.038-0.467-0.116C21.205,44.711,21,44.371,21,44V14 c0-0.371,0.205-0.711,0.533-0.884c0.328-0.174,0.724-0.15,1.031,0.058l22,15C44.836,28.36,45,28.669,45,29s-0.164,0.64-0.437,0.826 l-22,15C22.394,44.941,22.197,45,22,45z M23,15.893v26.215L42.225,29L23,15.893z"
                  style={
                    Object {
                      "fill": "#fff",
                    }
                  }
                />
              </g>
            </svg>
            <span>
               Watch Now 
            </span>
          </button>
          <button
            aria-label="View Info"
            className="btn transparentBtn"
            onClick={[Function]}
            type="button"
          >
            View Info
          </button>
        </div>
        <div
          className="info"
        >
          <div>
            <h3
              className="info_title"
            >
              FATE/STAY NIGHT: HEA...
            </h3>
            <p>
              <span
                className="genre"
                style={
                  Object {
                    "color": "#0aaee4",
                    "fontSize": "0.8rem",
                  }
                }
              >
                Animation
              </span>
              <span
                className="genre"
                style={
                  Object {
                    "color": "#0aaee4",
                    "fontSize": "0.8rem",
                  }
                }
              >
                Action
              </span>
              <span
                className="genre"
                style={
                  Object {
                    "color": "#0aaee4",
                    "fontSize": "0.8rem",
                  }
                }
              >
                Fantasy
              </span>
              <span
                className="genre"
                style={
                  Object {
                    "color": "#0aaee4",
                    "fontSize": "0.8rem",
                  }
                }
              >
                Adventure
              </span>
            </p>
          </div>
          <span
            className="numRating"
            style={
              Object {
                "color": "#0aaee4",
              }
            }
          >
            3.9
          </span>
        </div>
      </article>
      <article
        className="card"
      >
        <img
          alt="Poster"
          height="75%"
          src="https://image.tmdb.org/t/p/w300/nJVPgIq3icZMQ26p5uWIFdUZJfL.jpg"
        />
        <div
          className="onHover"
        >
          <button
            aria-label="Watch"
            className="btnWatch"
            type="button"
          >
            <svg
              height="80px"
              viewBox="0 0 58 58"
              width="80px"
              x="0px"
              y="0px"
            >
              <circle
                cx="29"
                cy="29"
                r="29"
                style={
                  Object {
                    "fill": "#0aaee4",
                  }
                }
              />
              <g>
                <polygon
                  points="44,29 22,44 22,29.273 22,14"
                  style={
                    Object {
                      "fill": "#fff",
                    }
                  }
                />
                <path
                  d="M22,45c-0.16,0-0.321-0.038-0.467-0.116C21.205,44.711,21,44.371,21,44V14 c0-0.371,0.205-0.711,0.533-0.884c0.328-0.174,0.724-0.15,1.031,0.058l22,15C44.836,28.36,45,28.669,45,29s-0.164,0.64-0.437,0.826 l-22,15C22.394,44.941,22.197,45,22,45z M23,15.893v26.215L42.225,29L23,15.893z"
                  style={
                    Object {
                      "fill": "#fff",
                    }
                  }
                />
              </g>
            </svg>
            <span>
               Watch Now 
            </span>
          </button>
          <button
            aria-label="View Info"
            className="btn transparentBtn"
            onClick={[Function]}
            type="button"
          >
            View Info
          </button>
        </div>
        <div
          className="info"
        >
          <div>
            <h3
              className="info_title"
            >
              LelleBelle
            </h3>
            <p>
              <span
                className="genre"
                style={
                  Object {
                    "color": "#0aaee4",
                    "fontSize": "0.8rem",
                  }
                }
              >
                Music
              </span>
              <span
                className="genre"
                style={
                  Object {
                    "color": "#0aaee4",
                    "fontSize": "0.8rem",
                  }
                }
              >
                Romance
              </span>
            </p>
          </div>
          <span
            className="numRating"
            style={
              Object {
                "color": "#0aaee4",
              }
            }
          >
            4.4
          </span>
        </div>
      </article>
    </main>
    <div
      className="spinner"
    >
      <div
        className="spinner_ellipsis"
      >
        <div />
        <div />
        <div />
        <div />
      </div>
      <h3
        className="spinner_title"
      >
        Loading
      </h3>
    </div>
  </div>,
  <footer
    className="footer"
  >
    <h2
      className="footer_logo"
    >
      Films
    </h2>
    <p
      className="footer_copyright"
    >
      Copyright © 2019 FILMS. DZMITRY
    </p>
  </footer>,
]
`;
