// Jest Snapshot v1, https://goo.gl/fbAQLP

exports[`MovieDetailsPage renders correctly MovieDetailsPage renders correctly 1`] = `
Array [
  <header
    className="header"
  >
    <div
      className="container"
    >
      <h1
        className="logo"
      >
        Films
      </h1>
      <form
        className="searchForm"
      >
        <input
          className="input"
          placeholder="Search..."
          type="search"
        />
        <button
          aria-label="Search"
          className="searchBtn"
          type="submit"
        />
      </form>
    </div>
  </header>,
  <section
    className="hero"
    style={
      Object {
        "backgroundImage": "url(https://image.tmdb.org/t/p/original/59qyrVGLLtrcuFtJGdixzn7H4OI.jpg)",
      }
    }
  >
    <div
      className="movieInfo"
    >
      <h2
        className="title"
      >
        Т-34
      </h2>
      <div
        className="wrapper"
      >
        <span
          className="genre"
        >
          War
        </span>
        <span
          className="genre"
        >
          Drama
        </span>
        <span
          className="genre"
        >
          Adventure
        </span>
        <span
          className="genre"
        >
          Action
        </span>
        <span
          className="duration"
        >
          2h 19m
        </span>
      </div>
      <div
        className="rating"
      >
        <div
          className="star"
        />
        <div
          className="star"
        />
        <div
          className="star"
        />
        <div
          className="star"
        />
        <div
          className="star"
        />
        <span
          className="numRating"
        >
          4.7
        </span>
      </div>
    </div>
    <div
      className="movieDescription"
    >
      <p
        className="description"
      >
        1941 - WWii. the second lieutenant Nikolai ivushkin, commander of a t-34, engages in an unequal battle against the tank ace Klaus Jager in a battle near moscow. His mission is more of a suicide - to destroy a dozen german ...
      </p>
      <div
        className="buttons"
      >
        <button
          aria-label="Watch Now"
          className="btn primary"
          onClick={[Function]}
          type="button"
        >
          Watch Now
        </button>
        <button
          aria-label="View Info"
          className="btn ghost"
          onClick={[Function]}
          type="button"
        >
          View Info
        </button>
      </div>
    </div>
  </section>,
  <div
    className="backdrop"
  >
    <section
      className="menu"
    >
      <nav>
        <ul>
          <li
            className="navItem"
          >
            <button
              aria-label="Trending"
              className="btn btn__active"
              onClick={[Function]}
              type="button"
            >
              Trending
            </button>
          </li>
          <li
            className="navItem"
          >
            <button
              aria-label="Top Rated"
              className="btn"
              onClick={[Function]}
              type="button"
            >
              Top Rated
            </button>
          </li>
          <li
            className="navItem"
          >
            <button
              aria-label="Coming Soon"
              className="btn"
              onClick={[Function]}
              type="button"
            >
              Coming Soon
            </button>
          </li>
          <li
            className="navItem"
          >
            <select
              aria-label="Genres"
              className="selectGenre"
              defaultValue=""
              name="selectGenre"
              onClick={[Function]}
            >
              <option
                disabled={true}
                hidden={true}
                value=""
              >
                Genre
              </option>
              <option
                value="Action"
              >
                Action
              </option>
              <option
                value="Adventure"
              >
                Adventure
              </option>
              <option
                value="Animation"
              >
                Animation
              </option>
              <option
                value="Comedy"
              >
                Comedy
              </option>
              <option
                value="Crime"
              >
                Crime
              </option>
              <option
                value="Documentary"
              >
                Documentary
              </option>
              <option
                value="Drama"
              >
                Drama
              </option>
              <option
                value="Family"
              >
                Family
              </option>
              <option
                value="Fantasy"
              >
                Fantasy
              </option>
              <option
                value="History"
              >
                History
              </option>
              <option
                value="Horror"
              >
                Horror
              </option>
              <option
                value="Music"
              >
                Music
              </option>
              <option
                value="Mystery"
              >
                Mystery
              </option>
              <option
                value="Romance"
              >
                Romance
              </option>
              <option
                value="Science Fiction"
              >
                Science Fiction
              </option>
              <option
                value="TV Movie"
              >
                TV Movie
              </option>
              <option
                value="Thriller"
              >
                Thriller
              </option>
              <option
                value="War"
              >
                War
              </option>
              <option
                value="Western"
              >
                Western
              </option>
            </select>
          </li>
        </ul>
      </nav>
      <div>
        <button
          aria-label="Grid"
          className="btn btn__active"
          onClick={[Function]}
          type="button"
        />
        <button
          aria-label="Table"
          className="btn"
          onClick={[Function]}
          type="button"
        />
      </div>
    </section>
    <main
      className="gridMovieList"
    >
      <article
        className="card"
      >
        <img
          alt="Poster"
          height="75%"
          src="https://image.tmdb.org/t/p/w300/AnLCqcH66Ecu8VFmXu3RofK4SMK.jpg"
        />
        <div
          className="onHover"
        >
          <button
            aria-label="Watch"
            className="btnWatch"
            type="button"
          >
            <span>
               Watch Now 
            </span>
          </button>
          <button
            aria-label="View Info"
            className="btn ghost"
            onClick={[Function]}
            type="button"
          >
            View Info
          </button>
        </div>
        <div
          className="info"
        >
          <div>
            <h3
              className="title"
            >
              T-34
            </h3>
            <p>
              <span
                className="genre"
              >
                War
              </span>
              <span
                className="genre"
              >
                Drama
              </span>
              <span
                className="genre"
              >
                Adventure
              </span>
              <span
                className="genre"
              >
                Action
              </span>
            </p>
          </div>
          <span
            className="numRating"
          >
            4.5
          </span>
        </div>
      </article>
      <article
        className="card"
      >
        <img
          alt="Poster"
          height="75%"
          src="https://image.tmdb.org/t/p/w300/svIDTNUoajS8dLEo7EosxvyAsgJ.jpg"
        />
        <div
          className="onHover"
        >
          <button
            aria-label="Watch"
            className="btnWatch"
            type="button"
          >
            <span>
               Watch Now 
            </span>
          </button>
          <button
            aria-label="View Info"
            className="btn ghost"
            onClick={[Function]}
            type="button"
          >
            View Info
          </button>
        </div>
        <div
          className="info"
        >
          <div>
            <h3
              className="title"
            >
              Glass
            </h3>
            <p>
              <span
                className="genre"
              >
                Thriller
              </span>
              <span
                className="genre"
              >
                Mystery
              </span>
              <span
                className="genre"
              >
                Drama
              </span>
            </p>
          </div>
          <span
            className="numRating"
          >
            6.8
          </span>
        </div>
      </article>
      <article
        className="card"
      >
        <img
          alt="Poster"
          height="75%"
          src="https://image.tmdb.org/t/p/w300/AiRfixFcfTkNbn2A73qVJPlpkUo.jpg"
        />
        <div
          className="onHover"
        >
          <button
            aria-label="Watch"
            className="btnWatch"
            type="button"
          >
            <span>
               Watch Now 
            </span>
          </button>
          <button
            aria-label="View Info"
            className="btn ghost"
            onClick={[Function]}
            type="button"
          >
            View Info
          </button>
        </div>
        <div
          className="info"
        >
          <div>
            <h3
              className="title"
            >
              Robin Hood
            </h3>
            <p>
              <span
                className="genre"
              >
                Adventure
              </span>
              <span
                className="genre"
              >
                Action
              </span>
              <span
                className="genre"
              >
                Thriller
              </span>
            </p>
          </div>
          <span
            className="numRating"
          >
            5.8
          </span>
        </div>
      </article>
      <article
        className="card"
      >
        <img
          alt="Poster"
          height="75%"
          src="https://image.tmdb.org/t/p/w300/lHu1wtNaczFPGFDTrjCSzeLPTKN.jpg"
        />
        <div
          className="onHover"
        >
          <button
            aria-label="Watch"
            className="btnWatch"
            type="button"
          >
            <span>
               Watch Now 
            </span>
          </button>
          <button
            aria-label="View Info"
            className="btn ghost"
            onClick={[Function]}
            type="button"
          >
            View Info
          </button>
        </div>
        <div
          className="info"
        >
          <div>
            <h3
              className="title"
            >
              Bohemian Rhapsody
            </h3>
            <p>
              <span
                className="genre"
              >
                Drama
              </span>
              <span
                className="genre"
              >
                Music
              </span>
            </p>
          </div>
          <span
            className="numRating"
          >
            8.2
          </span>
        </div>
      </article>
      <article
        className="card"
      >
        <img
          alt="Poster"
          height="75%"
          src="https://image.tmdb.org/t/p/w300/l76Rgp32z2UxjULApxGXAPpYdAP.jpg"
        />
        <div
          className="onHover"
        >
          <button
            aria-label="Watch"
            className="btnWatch"
            type="button"
          >
            <span>
               Watch Now 
            </span>
          </button>
          <button
            aria-label="View Info"
            className="btn ghost"
            onClick={[Function]}
            type="button"
          >
            View Info
          </button>
        </div>
        <div
          className="info"
        >
          <div>
            <h3
              className="title"
            >
              Overlord
            </h3>
            <p>
              <span
                className="genre"
              >
                Horror
              </span>
              <span
                className="genre"
              >
                War
              </span>
              <span
                className="genre"
              >
                Action
              </span>
              <span
                className="genre"
              >
                Science Fiction
              </span>
            </p>
          </div>
          <span
            className="numRating"
          >
            6.9
          </span>
        </div>
      </article>
      <article
        className="card"
      >
        <img
          alt="Poster"
          height="75%"
          src="https://image.tmdb.org/t/p/w300/8yZAx7tlKRZIg7pJfaPhl00yHIQ.jpg"
        />
        <div
          className="onHover"
        >
          <button
            aria-label="Watch"
            className="btnWatch"
            type="button"
          >
            <span>
               Watch Now 
            </span>
          </button>
          <button
            aria-label="View Info"
            className="btn ghost"
            onClick={[Function]}
            type="button"
          >
            View Info
          </button>
        </div>
        <div
          className="info"
        >
          <div>
            <h3
              className="title"
            >
              Escape Room
            </h3>
            <p>
              <span
                className="genre"
              >
                Horror
              </span>
              <span
                className="genre"
              >
                Thriller
              </span>
              <span
                className="genre"
              >
                Action
              </span>
            </p>
          </div>
          <span
            className="numRating"
          >
            6.3
          </span>
        </div>
      </article>
      <article
        className="card"
      >
        <img
          alt="Poster"
          height="75%"
          src="https://image.tmdb.org/t/p/w300/5Kg76ldv7VxeX9YlcQXiowHgdX6.jpg"
        />
        <div
          className="onHover"
        >
          <button
            aria-label="Watch"
            className="btnWatch"
            type="button"
          >
            <span>
               Watch Now 
            </span>
          </button>
          <button
            aria-label="View Info"
            className="btn ghost"
            onClick={[Function]}
            type="button"
          >
            View Info
          </button>
        </div>
        <div
          className="info"
        >
          <div>
            <h3
              className="title"
            >
              Aquaman
            </h3>
            <p>
              <span
                className="genre"
              >
                Action
              </span>
              <span
                className="genre"
              >
                Fantasy
              </span>
              <span
                className="genre"
              >
                Science Fiction
              </span>
              <span
                className="genre"
              >
                Adventure
              </span>
            </p>
          </div>
          <span
            className="numRating"
          >
            6.8
          </span>
        </div>
      </article>
      <article
        className="card"
      >
        <img
          alt="Poster"
          height="75%"
          src="https://image.tmdb.org/t/p/w300/uXJVpPXxZO4L8Rz3IG1Y8XvZJcg.jpg"
        />
        <div
          className="onHover"
        >
          <button
            aria-label="Watch"
            className="btnWatch"
            type="button"
          >
            <span>
               Watch Now 
            </span>
          </button>
          <button
            aria-label="View Info"
            className="btn ghost"
            onClick={[Function]}
            type="button"
          >
            View Info
          </button>
        </div>
        <div
          className="info"
        >
          <div>
            <h3
              className="title"
            >
              Mortal Engines
            </h3>
            <p>
              <span
                className="genre"
              >
                Science Fiction
              </span>
              <span
                className="genre"
              >
                Action
              </span>
              <span
                className="genre"
              >
                Adventure
              </span>
              <span
                className="genre"
              >
                Fantasy
              </span>
              <span
                className="genre"
              >
                Thriller
              </span>
            </p>
          </div>
          <span
            className="numRating"
          >
            6
          </span>
        </div>
      </article>
      <article
        className="card"
      >
        <img
          alt="Poster"
          height="75%"
          src="https://image.tmdb.org/t/p/w300/v3QyboWRoA4O9RbcsqH8tJMe8EB.jpg"
        />
        <div
          className="onHover"
        >
          <button
            aria-label="Watch"
            className="btnWatch"
            type="button"
          >
            <span>
               Watch Now 
            </span>
          </button>
          <button
            aria-label="View Info"
            className="btn ghost"
            onClick={[Function]}
            type="button"
          >
            View Info
          </button>
        </div>
        <div
          className="info"
        >
          <div>
            <h3
              className="title"
            >
              Creed II
            </h3>
            <p>
              <span
                className="genre"
              >
                Drama
              </span>
              <span
                className="genre"
              >
                Action
              </span>
            </p>
          </div>
          <span
            className="numRating"
          >
            6.7
          </span>
        </div>
      </article>
      <article
        className="card"
      >
        <img
          alt="Poster"
          height="75%"
          src="https://image.tmdb.org/t/p/w300/ij0xoc13hGhrYIlXGGuPXWTh3vi.jpg"
        />
        <div
          className="onHover"
        >
          <button
            aria-label="Watch"
            className="btnWatch"
            type="button"
          >
            <span>
               Watch Now 
            </span>
          </button>
          <button
            aria-label="View Info"
            className="btn ghost"
            onClick={[Function]}
            type="button"
          >
            View Info
          </button>
        </div>
        <div
          className="info"
        >
          <div>
            <h3
              className="title"
            >
              How to Train Your Dragon: The Hidden World
            </h3>
            <p>
              <span
                className="genre"
              >
                Animation
              </span>
              <span
                className="genre"
              >
                Family
              </span>
              <span
                className="genre"
              >
                Adventure
              </span>
            </p>
          </div>
          <span
            className="numRating"
          >
            8.1
          </span>
        </div>
      </article>
      <article
        className="card"
      >
        <img
          alt="Poster"
          height="75%"
          src="https://image.tmdb.org/t/p/w300/wrFpXMNBRj2PBiN4Z5kix51XaIZ.jpg"
        />
        <div
          className="onHover"
        >
          <button
            aria-label="Watch"
            className="btnWatch"
            type="button"
          >
            <span>
               Watch Now 
            </span>
          </button>
          <button
            aria-label="View Info"
            className="btn ghost"
            onClick={[Function]}
            type="button"
          >
            View Info
          </button>
        </div>
        <div
          className="info"
        >
          <div>
            <h3
              className="title"
            >
              A Star Is Born
            </h3>
            <p>
              <span
                className="genre"
              >
                Drama
              </span>
              <span
                className="genre"
              >
                Music
              </span>
              <span
                className="genre"
              >
                Romance
              </span>
            </p>
          </div>
          <span
            className="numRating"
          >
            7.4
          </span>
        </div>
      </article>
      <article
        className="card"
      >
        <img
          alt="Poster"
          height="75%"
          src="https://image.tmdb.org/t/p/w300/t0idiLMalKMj2pLsvqHrOM4LPdQ.jpg"
        />
        <div
          className="onHover"
        >
          <button
            aria-label="Watch"
            className="btnWatch"
            type="button"
          >
            <span>
               Watch Now 
            </span>
          </button>
          <button
            aria-label="View Info"
            className="btn ghost"
            onClick={[Function]}
            type="button"
          >
            View Info
          </button>
        </div>
        <div
          className="info"
        >
          <div>
            <h3
              className="title"
            >
              The Mule
            </h3>
            <p>
              <span
                className="genre"
              >
                Crime
              </span>
              <span
                className="genre"
              >
                Drama
              </span>
              <span
                className="genre"
              >
                Thriller
              </span>
            </p>
          </div>
          <span
            className="numRating"
          >
            6.3
          </span>
        </div>
      </article>
      <article
        className="card"
      >
        <img
          alt="Poster"
          height="75%"
          src="https://image.tmdb.org/t/p/w300/7WsyChQLEftFiDOVTGkv3hFpyyt.jpg"
        />
        <div
          className="onHover"
        >
          <button
            aria-label="Watch"
            className="btnWatch"
            type="button"
          >
            <span>
               Watch Now 
            </span>
          </button>
          <button
            aria-label="View Info"
            className="btn ghost"
            onClick={[Function]}
            type="button"
          >
            View Info
          </button>
        </div>
        <div
          className="info"
        >
          <div>
            <h3
              className="title"
            >
              Avengers: Infinity War
            </h3>
            <p>
              <span
                className="genre"
              >
                Adventure
              </span>
              <span
                className="genre"
              >
                Action
              </span>
              <span
                className="genre"
              >
                Fantasy
              </span>
            </p>
          </div>
          <span
            className="numRating"
          >
            8.3
          </span>
        </div>
      </article>
      <article
        className="card"
      >
        <img
          alt="Poster"
          height="75%"
          src="https://image.tmdb.org/t/p/w300/fw02ONlDhrYjTSZV8XO6hhU3ds3.jpg"
        />
        <div
          className="onHover"
        >
          <button
            aria-label="Watch"
            className="btnWatch"
            type="button"
          >
            <span>
               Watch Now 
            </span>
          </button>
          <button
            aria-label="View Info"
            className="btn ghost"
            onClick={[Function]}
            type="button"
          >
            View Info
          </button>
        </div>
        <div
          className="info"
        >
          <div>
            <h3
              className="title"
            >
              Bumblebee
            </h3>
            <p>
              <span
                className="genre"
              >
                Action
              </span>
              <span
                className="genre"
              >
                Adventure
              </span>
              <span
                className="genre"
              >
                Science Fiction
              </span>
            </p>
          </div>
          <span
            className="numRating"
          >
            6.5
          </span>
        </div>
      </article>
      <article
        className="card"
      >
        <img
          alt="Poster"
          height="75%"
          src="https://image.tmdb.org/t/p/w300/f27RTnWEc2bhVtfSlKmxxypznfR.jpg"
        />
        <div
          className="onHover"
        >
          <button
            aria-label="Watch"
            className="btnWatch"
            type="button"
          >
            <span>
               Watch Now 
            </span>
          </button>
          <button
            aria-label="View Info"
            className="btn ghost"
            onClick={[Function]}
            type="button"
          >
            View Info
          </button>
        </div>
        <div
          className="info"
        >
          <div>
            <h3
              className="title"
            >
              Widows
            </h3>
            <p>
              <span
                className="genre"
              >
                Crime
              </span>
              <span
                className="genre"
              >
                Drama
              </span>
              <span
                className="genre"
              >
                Thriller
              </span>
            </p>
          </div>
          <span
            className="numRating"
          >
            6.7
          </span>
        </div>
      </article>
      <article
        className="card"
      >
        <img
          alt="Poster"
          height="75%"
          src="https://image.tmdb.org/t/p/w300/hgWAcic93phg4DOuQ8NrsgQWiqu.jpg"
        />
        <div
          className="onHover"
        >
          <button
            aria-label="Watch"
            className="btnWatch"
            type="button"
          >
            <span>
               Watch Now 
            </span>
          </button>
          <button
            aria-label="View Info"
            className="btn ghost"
            onClick={[Function]}
            type="button"
          >
            View Info
          </button>
        </div>
        <div
          className="info"
        >
          <div>
            <h3
              className="title"
            >
              Serenity
            </h3>
            <p>
              <span
                className="genre"
              >
                Thriller
              </span>
              <span
                className="genre"
              >
                Drama
              </span>
            </p>
          </div>
          <span
            className="numRating"
          >
            5.1
          </span>
        </div>
      </article>
      <article
        className="card"
      >
        <img
          alt="Poster"
          height="75%"
          src="https://image.tmdb.org/t/p/w300/2uNW4WbgBXL25BAbXGLnLqX71Sw.jpg"
        />
        <div
          className="onHover"
        >
          <button
            aria-label="Watch"
            className="btnWatch"
            type="button"
          >
            <span>
               Watch Now 
            </span>
          </button>
          <button
            aria-label="View Info"
            className="btn ghost"
            onClick={[Function]}
            type="button"
          >
            View Info
          </button>
        </div>
        <div
          className="info"
        >
          <div>
            <h3
              className="title"
            >
              Venom
            </h3>
            <p>
              <span
                className="genre"
              >
                Science Fiction
              </span>
              <span
                className="genre"
              >
                Action
              </span>
            </p>
          </div>
          <span
            className="numRating"
          >
            6.6
          </span>
        </div>
      </article>
      <article
        className="card"
      >
        <img
          alt="Poster"
          height="75%"
          src="https://image.tmdb.org/t/p/w300/hPuZR2bFoV0kuBrA98exWyvTf40.jpg"
        />
        <div
          className="onHover"
        >
          <button
            aria-label="Watch"
            className="btnWatch"
            type="button"
          >
            <span>
               Watch Now 
            </span>
          </button>
          <button
            aria-label="View Info"
            className="btn ghost"
            onClick={[Function]}
            type="button"
          >
            View Info
          </button>
        </div>
        <div
          className="info"
        >
          <div>
            <h3
              className="title"
            >
              Can You Ever Forgive Me?
            </h3>
            <p>
              <span
                className="genre"
              >
                Drama
              </span>
              <span
                className="genre"
              >
                Comedy
              </span>
              <span
                className="genre"
              >
                Crime
              </span>
            </p>
          </div>
          <span
            className="numRating"
          >
            7.1
          </span>
        </div>
      </article>
      <article
        className="card"
      >
        <img
          alt="Poster"
          height="75%"
          src="https://image.tmdb.org/t/p/w300/t0jwlwFUrtkPJoq5JH9YrRVROXZ.jpg"
        />
        <div
          className="onHover"
        >
          <button
            aria-label="Watch"
            className="btnWatch"
            type="button"
          >
            <span>
               Watch Now 
            </span>
          </button>
          <button
            aria-label="View Info"
            className="btn ghost"
            onClick={[Function]}
            type="button"
          >
            View Info
          </button>
        </div>
        <div
          className="info"
        >
          <div>
            <h3
              className="title"
            >
              Fate/stay night: Heaven’s Feel II. lost butterfly
            </h3>
            <p>
              <span
                className="genre"
              >
                Animation
              </span>
              <span
                className="genre"
              >
                Action
              </span>
              <span
                className="genre"
              >
                Fantasy
              </span>
              <span
                className="genre"
              >
                Adventure
              </span>
            </p>
          </div>
          <span
            className="numRating"
          >
            3.9
          </span>
        </div>
      </article>
      <article
        className="card"
      >
        <img
          alt="Poster"
          height="75%"
          src="https://image.tmdb.org/t/p/w300/nJVPgIq3icZMQ26p5uWIFdUZJfL.jpg"
        />
        <div
          className="onHover"
        >
          <button
            aria-label="Watch"
            className="btnWatch"
            type="button"
          >
            <span>
               Watch Now 
            </span>
          </button>
          <button
            aria-label="View Info"
            className="btn ghost"
            onClick={[Function]}
            type="button"
          >
            View Info
          </button>
        </div>
        <div
          className="info"
        >
          <div>
            <h3
              className="title"
            >
              LelleBelle
            </h3>
            <p>
              <span
                className="genre"
              >
                Music
              </span>
              <span
                className="genre"
              >
                Romance
              </span>
            </p>
          </div>
          <span
            className="numRating"
          >
            4.4
          </span>
        </div>
      </article>
    </main>
    <div
      className="spinner"
    >
      <div
        className="ellipsis"
      >
        <div />
        <div />
        <div />
        <div />
      </div>
      <p
        className="title"
      >
        Loading
      </p>
    </div>
  </div>,
  <footer
    className="footer"
  >
    <h2
      className="logo"
    >
      Films
    </h2>
    <p
      className="copyright"
    >
      Copyright © 2019 FILMS. DZMITRY
    </p>
  </footer>,
]
`;
