// Jest Snapshot v1, https://goo.gl/fbAQLP

exports[`GridCard component renders correctly GridCard renders and works correctly 1`] = `
<article
  className="card"
>
  <img
    alt="Poster"
    height="100%"
  />
  <div
    className="overlay"
  >
    <button
      aria-label="Close"
      className="close"
      onClick={[Function]}
      type="button"
    />
    <div
      className="wrapper"
    >
      <div>
        <h3
          className="title"
          title="test"
        >
          <a
            href="/movie/:1"
            onClick={[Function]}
          >
            test
          </a>
        </h3>
      </div>
    </div>
    <p
      className="description"
    >
      desc
    </p>
    <button
      aria-label="Watch Now"
      className="btn primary"
      onClick={[Function]}
      type="button"
    >
      Watch Now
    </button>
  </div>
</article>
`;
