// Jest Snapshot v1, https://goo.gl/fbAQLP

exports[`Hero component renders correctly Hero renders correctly 1`] = `
<section
  className="hero"
  style={
    Object {
      "backgroundImage": "url(https://image.tmdb.org/t/p/original/59qyrVGLLtrcuFtJGdixzn7H4OI.jpg)",
    }
  }
>
  <div
    className="hero_movieInfo"
  >
    <h2
      className="hero_title"
    >
      Т-34
    </h2>
    <div
      className="hero_wrapper"
    >
      <span
        className="genre"
        style={
          Object {
            "color": undefined,
            "fontSize": undefined,
          }
        }
      >
        War
      </span>
      <span
        className="genre"
        style={
          Object {
            "color": undefined,
            "fontSize": undefined,
          }
        }
      >
        Drama
      </span>
      <span
        className="genre"
        style={
          Object {
            "color": undefined,
            "fontSize": undefined,
          }
        }
      >
        Adventure
      </span>
      <span
        className="genre"
        style={
          Object {
            "color": undefined,
            "fontSize": undefined,
          }
        }
      >
        Action
      </span>
      <span
        className="hero_duration"
      >
        2h 19m
      </span>
    </div>
    <div
      className="hero_rating"
    >
      <div
        className="star starSelected"
      />
      <div
        className="star starSelected"
      />
      <div
        className="star starSelected"
      />
      <div
        className="star starSelected"
      />
      <div
        className="star starSelected"
      />
      <span
        className="numRating"
        style={
          Object {
            "color": "#fff",
          }
        }
      >
        4.7
      </span>
    </div>
  </div>
  <div
    className="hero_movieDescription"
  >
    <p
      className="hero_description"
    >
      1941 - WWii. the second lieutenant Nikolai ivushkin, commander of a t-34, engages in an unequal battle against the tank ace Klaus Jager in a battle near moscow. His mission is more of a suicide - to destroy a dozen germa ...
    </p>
    <div
      className="hero_buttons"
    >
      <button
        aria-label="Watch Now"
        className="btn blueBtn"
        onClick={[Function]}
        type="button"
      >
        Watch Now
      </button>
      <button
        aria-label="View Info"
        className="btn transparentBtn"
        onClick={[Function]}
        type="button"
      >
        View Info
      </button>
    </div>
  </div>
</section>
`;
