// Jest Snapshot v1, https://goo.gl/fbAQLP

exports[`Menu component renders correctly Menu renders correctly 1`] = `
<section
  className="menu"
>
  <nav>
    <ul>
      <li
        className="navItem"
      >
        <button
          aria-label="Trending"
          className="navItem_btn"
          onClick={[Function]}
          type="button"
        >
          Trending
        </button>
      </li>
      <li
        className="navItem"
      >
        <button
          aria-label="Top Rated"
          className="navItem_btn"
          onClick={[Function]}
          type="button"
        >
          Top Rated
        </button>
      </li>
      <li
        className="navItem"
      >
        <button
          aria-label="Coming Soon"
          className="navItem_btn"
          onClick={[Function]}
          type="button"
        >
          Coming Soon
        </button>
      </li>
      <li
        className="navItem"
      >
        <select
          aria-label="Genres"
          className="navItem_selectGenre"
          name="selectGenre"
          onClick={[Function]}
        >
          <option
            disabled={true}
            hidden={true}
            selected={true}
          >
            Genre
          </option>
          <option
            value="Action"
          >
            Action
          </option>
          <option
            value="Adventure"
          >
            Adventure
          </option>
          <option
            value="Animation"
          >
            Animation
          </option>
          <option
            value="Comedy"
          >
            Comedy
          </option>
          <option
            value="Crime"
          >
            Crime
          </option>
          <option
            value="Documentary"
          >
            Documentary
          </option>
          <option
            value="Drama"
          >
            Drama
          </option>
          <option
            value="Family"
          >
            Family
          </option>
          <option
            value="Fantasy"
          >
            Fantasy
          </option>
          <option
            value="History"
          >
            History
          </option>
          <option
            value="Horror"
          >
            Horror
          </option>
          <option
            value="Music"
          >
            Music
          </option>
          <option
            value="Mystery"
          >
            Mystery
          </option>
          <option
            value="Romance"
          >
            Romance
          </option>
          <option
            value="Science Fiction"
          >
            Science Fiction
          </option>
          <option
            value="TV Movie"
          >
            TV Movie
          </option>
          <option
            value="Thriller"
          >
            Thriller
          </option>
          <option
            value="War"
          >
            War
          </option>
          <option
            value="Western"
          >
            Western
          </option>
        </select>
      </li>
    </ul>
  </nav>
  <div>
    <button
      aria-label="Grid"
      className="btn"
      onClick={[Function]}
      type="button"
    >
      <svg
        fill="#b7b7b7"
        height="20"
        viewBox="0 0 271.673 271.673"
        width="20"
        x="0px"
        y="0px"
      >
        <g>
          <g>
            <g>
              <path
                d="M114.939,0H10.449C4.678,0,0,4.678,0,10.449v104.49c0,5.771,4.678,10.449,10.449,10.449h104.49 c5.771,0,10.449-4.678,10.449-10.449V10.449C125.388,4.678,120.71,0,114.939,0z"
              />
              <path
                d="M261.224,0h-104.49c-5.771,0-10.449,4.678-10.449,10.449v104.49c0,5.771,4.678,10.449,10.449,10.449h104.49 c5.771,0,10.449-4.678,10.449-10.449V10.449C271.673,4.678,266.995,0,261.224,0z"
              />
              <path
                d="M114.939,146.286H10.449C4.678,146.286,0,150.964,0,156.735v104.49c0,5.771,4.678,10.449,10.449,10.449h104.49 c5.771,0,10.449-4.678,10.449-10.449v-104.49C125.388,150.964,120.71,146.286,114.939,146.286z"
              />
              <path
                d="M261.224,146.286h-104.49c-5.771,0-10.449,4.678-10.449,10.449v104.49c0,5.771,4.678,10.449,10.449,10.449h104.49 c5.771,0,10.449-4.678,10.449-10.449v-104.49C271.673,150.964,266.995,146.286,261.224,146.286z"
              />
            </g>
          </g>
        </g>
      </svg>
    </button>
    <button
      aria-label="Table"
      className="btn"
      onClick={[Function]}
      type="button"
    >
      <svg
        fill="#b7b7b7"
        height="20"
        viewBox="0 0 512 512"
        width="20"
        x="0px"
        y="0px"
      >
        <g>
          <g>
            <g>
              <rect
                height="235"
                width="100%"
              />
              <rect
                height="235"
                width="100%"
                y="277.333"
              />
            </g>
          </g>
        </g>
      </svg>
    </button>
  </div>
</section>
`;
