// Jest Snapshot v1, https://goo.gl/fbAQLP

exports[`Table component renders correctly Table renders correctly 1`] = `
Array [
  <article
    className="card"
  >
    <img
      alt="Poster"
    />
    <div
      className="info"
    >
      <h2
        className="title"
      >
        <a
          href="/movie/:1"
          onClick={[Function]}
        >
          test
        </a>
      </h2>
      <p
        className="overview"
      >
        desc
      </p>
      <div
        className="rating"
      />
      <button
        aria-label="Watch Now"
        className="btn primary"
        onClick={[Function]}
        type="button"
      >
        Watch Now
      </button>
    </div>
  </article>,
  <article
    className="card"
  >
    <img
      alt="Poster"
    />
    <div
      className="info"
    >
      <h2
        className="title"
      >
        <a
          href="/movie/:2"
          onClick={[Function]}
        >
          test2
        </a>
      </h2>
      <p
        className="overview"
      >
        desc2
      </p>
      <div
        className="rating"
      />
      <button
        aria-label="Watch Now"
        className="btn primary"
        onClick={[Function]}
        type="button"
      >
        Watch Now
      </button>
    </div>
  </article>,
]
`;
