// Jest Snapshot v1, https://goo.gl/fbAQLP

exports[`TableCard component renders correctly TableCard renders correctly 1`] = `
<article
  className="card"
>
  <img
    alt="Poster"
  />
  <div
    className="info"
  >
    <h2
      className="title"
    >
      <a
        href="/movie/:1"
        onClick={[Function]}
      >
        test
      </a>
    </h2>
    <p
      className="overview"
    >
      desc
    </p>
    <div
      className="rating"
    />
    <button
      aria-label="Watch Now"
      className="btn primary"
      onClick={[Function]}
      type="button"
    >
      Watch Now
    </button>
  </div>
</article>
`;
